ℹ [3127/3183] Replayed Artifacts.SmallHashGatesCertificates
info: Artifacts/SmallHashGatesCertificates.lean:285:0: 'MSP.Artifacts.SmallHashGatesCertificates.signs' depends on axioms: [propext, Classical.choice, Quot.sound]
ℹ [3128/3183] Replayed Artifacts.SmallHashGates
info: Artifacts/SmallHashGates.lean:57:0: 'MSP.Artifacts.SmallHashGates.sigma_of_system' depends on axioms: [propext, Classical.choice, Quot.sound]
info: Artifacts/SmallHashGates.lean:58:0: 'MSP.Artifacts.SmallHashGates.full_stage_sbox' depends on axioms: [propext, Classical.choice, Quot.sound]
info: Artifacts/SmallHashGates.lean:59:0: 'MSP.Artifacts.SmallHashGates.partial_stage_sbox' depends on axioms: [propext, Classical.choice, Quot.sound]
⚠ [3136/3183] Replayed Poseidon.Optimized3Equivalence
warning: Poseidon/Optimized3Equivalence.lean:94:37: This simp argument is unused:
  Fin.val_mk

Hint: Omit it from the simp argument list.
  [apply] simp only

Note: This linter can be disabled with `set_option linter.unusedSimpArgs false`
⚠ [3141/3183] Replayed Poseidon.Optimized4Equivalence
warning: Poseidon/Optimized4Equivalence.lean:94:37: This simp argument is unused:
  Fin.val_mk

Hint: Omit it from the simp argument list.
  [apply] simp only

Note: This linter can be disabled with `set_option linter.unusedSimpArgs false`
⚠ [3149/3183] Replayed Artifacts.HashAssignmentCompletenessAffine
warning: Artifacts/HashAssignmentCompletenessAffine.lean:91:28: `if_neg` has been deprecated: Use `ite_eq_right` instead

Hint: Replace the deprecated name:
  i̵f̵_̵n̵e̵g̵i̲t̲e̲_̲e̲q̲_̲r̲i̲g̲h̲t̲
info: Artifacts/HashAssignmentCompletenessAffine.lean:170:0: 'MSP.Artifacts.HashAssignmentCompleteness.input_agrees' depends on axioms: [propext, Classical.choice, Quot.sound]
info: Artifacts/HashAssignmentCompletenessAffine.lean:171:0: 'MSP.Artifacts.HashAssignmentCompleteness.output_agrees' depends on axioms: [propext, Classical.choice, Quot.sound]
ℹ [3175/3183] Replayed Artifacts.BetaGatesSigma
info: Artifacts/BetaGatesSigma.lean:50:0: 'MSP.Artifacts.BetaGates.sigma_triple' depends on axioms: [propext, Quot.sound]
ℹ [3176/3183] Replayed Artifacts.BetaGatesPartialCertificates
info: Artifacts/BetaGatesPartialCertificates.lean:343:0: 'MSP.Artifacts.BetaGatesCertificates.partial_steps' depends on axioms: [propext, Classical.choice, Quot.sound]
⚠ [3177/3183] Replayed Poseidon.OptimizedEquivalence
warning: Poseidon/OptimizedEquivalence.lean:93:37: This simp argument is unused:
  Fin.val_mk

Hint: Omit it from the simp argument list.
  [apply] simp only

Note: This linter can be disabled with `set_option linter.unusedSimpArgs false`
✔ [3183/3183] Built Artifacts.HashAssignmentCompletenessBeta (1.6s)
Build completed successfully (3183 jobs).
