✔ [3125/3147] Built Artifacts.AssignmentRecovery (1.6s)
✔ [3126/3147] Built Artifacts.AssignmentRecoveryBetaData (3.0s)
✔ [3127/3147] Built Artifacts.AssignmentRecoveryBetaCertificates2 (5.2s)
✔ [3128/3147] Built Artifacts.AssignmentRecoveryBetaCertificates6 (5.2s)
✔ [3129/3147] Built Artifacts.AssignmentRecoveryBetaCertificates7 (5.3s)
✔ [3130/3147] Built Artifacts.AssignmentRecoveryBetaCertificates19 (5.2s)
✔ [3131/3147] Built Artifacts.AssignmentRecoveryBetaCertificates9 (5.3s)
✔ [3132/3147] Built Artifacts.AssignmentRecoveryBetaCertificates3 (5.5s)
✔ [3133/3147] Built Artifacts.AssignmentRecoveryBetaCertificates8 (5.5s)
✔ [3134/3147] Built Artifacts.AssignmentRecoveryBetaCertificates10 (5.6s)
✔ [3135/3147] Built Artifacts.AssignmentRecoveryBetaCertificates11 (5.8s)
✔ [3136/3147] Built Artifacts.AssignmentRecoveryBetaCertificates12 (5.0s)
✔ [3137/3147] Built Artifacts.AssignmentRecoveryBetaCertificates13 (5.0s)
✔ [3138/3147] Built Artifacts.AssignmentRecoveryBetaCertificates14 (6.3s)
✔ [3139/3147] Built Artifacts.AssignmentRecoveryBetaCertificates15 (6.6s)
✔ [3140/3147] Built Artifacts.AssignmentRecoveryBetaCertificates16 (6.9s)
✔ [3141/3147] Built Artifacts.AssignmentRecoveryBetaCertificates17 (7.3s)
✔ [3142/3147] Built Artifacts.AssignmentRecoveryBetaCertificates0 (2.4s)
✔ [3143/3147] Built Artifacts.AssignmentRecoveryBetaCertificates1 (2.5s)
✔ [3144/3147] Built Artifacts.AssignmentRecoveryBetaCertificates18 (7.6s)
✔ [3145/3147] Built Artifacts.AssignmentRecoveryBetaCertificates5 (31s)
✔ [3146/3147] Built Artifacts.AssignmentRecoveryBetaCertificates4 (54s)
✔ [3147/3147] Built Artifacts.AssignmentRecoveryBeta (1.6s)
Build completed successfully (3147 jobs).
