ℹ [3128/3144] Replayed Proofs.CircuitGadgets
info: Proofs/CircuitGadgets.lean:83:0: 'MSP.scalar_prime' depends on axioms: [propext, Classical.choice, Quot.sound]
info: Proofs/CircuitGadgets.lean:84:0: 'MSP.boolean_constraint' depends on axioms: [propext, Classical.choice, Quot.sound]
info: Proofs/CircuitGadgets.lean:85:0: 'MSP.isZero_sound' depends on axioms: [propext, Classical.choice, Quot.sound]
info: Proofs/CircuitGadgets.lean:86:0: 'MSP.isZero_complete' depends on axioms: [propext, Classical.choice, Quot.sound]
info: Proofs/CircuitGadgets.lean:87:0: 'MSP.bitsValue_cast' depends on axioms: [propext, Classical.choice, Quot.sound]
info: Proofs/CircuitGadgets.lean:88:0: 'MSP.bitsValue_lt' depends on axioms: [propext, Classical.choice, Quot.sound]
info: Proofs/CircuitGadgets.lean:89:0: 'MSP.num2Bits_range' depends on axioms: [propext, Classical.choice, Quot.sound]
ℹ [3129/3144] Replayed Artifacts.RangeLemmas
info: Artifacts/RangeLemmas.lean:66:0: 'MSP.Artifacts.RangeLemmas.bitsField_append' depends on axioms: [propext, Classical.choice, Quot.sound]
info: Artifacts/RangeLemmas.lean:67:0: 'MSP.Artifacts.RangeLemmas.bitsField_range' depends on axioms: [propext, Classical.choice, Quot.sound]
info: Artifacts/RangeLemmas.lean:68:0: 'MSP.Artifacts.RangeLemmas.weightedWires_eval' depends on axioms: [propext, Classical.choice, Quot.sound]
info: Artifacts/RangeLemmas.lean:69:0: 'MSP.Artifacts.RangeLemmas.bitsField_wires_append' depends on axioms: [propext, Classical.choice, Quot.sound]
info: Artifacts/RangeLemmas.lean:70:0: 'MSP.Artifacts.RangeLemmas.num2Bits_wires_range' depends on axioms: [propext, Classical.choice, Quot.sound]
✔ [3139/3144] Built Spec.Circuit (4.2s)
✔ [3140/3144] Built Spec.System (3.1s)
✔ [3141/3144] Built Spec.Evm (2.1s)
✔ [3142/3144] Built Spec.Main (1.8s)
✔ [3143/3144] Built Spec (3.4s)
Build completed successfully (3144 jobs).
