/private/tmp/msp-subgroup-mutated-slope.lean:30:125: error: Tactic `decide` proved that the proposition
  21756786906696072027532633225985091199382199765580791579444259971951814516045 *
      (↑pinnedKey.alpha1.y - -↑pinnedKey.alpha1.y) =
    3 * ↑pinnedKey.alpha1.x ^ 2
is false
/private/tmp/msp-subgroup-mutated-slope.lean:30:125: error: Tactic `decide` proved that the proposition
  21756786906696072027532633225985091199382199765580791579444259971951814516045 ^ 2 - ↑pinnedKey.alpha1.x -
      ↑pinnedKey.alpha1.x =
    ↑{ x := 21437871045935466854839702730401604333564298339485247726066636081419576021852,
          y := 17132685348939988821339644395294449745536226669539572642473807720931276880982 }.x
is false
/private/tmp/msp-subgroup-mutated-slope.lean:30:125: error: Tactic `decide` proved that the proposition
  21756786906696072027532633225985091199382199765580791579444259971951814516045 *
        (↑pinnedKey.alpha1.x -
          ↑{ x := 21437871045935466854839702730401604333564298339485247726066636081419576021852,
                y := 17132685348939988821339644395294449745536226669539572642473807720931276880982 }.x) -
      ↑pinnedKey.alpha1.y =
    ↑{ x := 21437871045935466854839702730401604333564298339485247726066636081419576021852,
          y := 17132685348939988821339644395294449745536226669539572642473807720931276880982 }.y
is false
