ℹ [3134/3159] Replayed Proofs.CircuitGadgets
info: Proofs/CircuitGadgets.lean:83:0: 'MSP.scalar_prime' depends on axioms: [propext, Classical.choice, Quot.sound]
info: Proofs/CircuitGadgets.lean:84:0: 'MSP.boolean_constraint' depends on axioms: [propext, Classical.choice, Quot.sound]
info: Proofs/CircuitGadgets.lean:85:0: 'MSP.isZero_sound' depends on axioms: [propext, Classical.choice, Quot.sound]
info: Proofs/CircuitGadgets.lean:86:0: 'MSP.isZero_complete' depends on axioms: [propext, Classical.choice, Quot.sound]
info: Proofs/CircuitGadgets.lean:87:0: 'MSP.bitsValue_cast' depends on axioms: [propext, Classical.choice, Quot.sound]
info: Proofs/CircuitGadgets.lean:88:0: 'MSP.bitsValue_lt' depends on axioms: [propext, Classical.choice, Quot.sound]
info: Proofs/CircuitGadgets.lean:89:0: 'MSP.num2Bits_range' depends on axioms: [propext, Classical.choice, Quot.sound]
ℹ [3135/3159] Replayed Artifacts.RangeLemmas
info: Artifacts/RangeLemmas.lean:66:0: 'MSP.Artifacts.RangeLemmas.bitsField_append' depends on axioms: [propext, Classical.choice, Quot.sound]
info: Artifacts/RangeLemmas.lean:67:0: 'MSP.Artifacts.RangeLemmas.bitsField_range' depends on axioms: [propext, Classical.choice, Quot.sound]
info: Artifacts/RangeLemmas.lean:68:0: 'MSP.Artifacts.RangeLemmas.weightedWires_eval' depends on axioms: [propext, Classical.choice, Quot.sound]
info: Artifacts/RangeLemmas.lean:69:0: 'MSP.Artifacts.RangeLemmas.bitsField_wires_append' depends on axioms: [propext, Classical.choice, Quot.sound]
info: Artifacts/RangeLemmas.lean:70:0: 'MSP.Artifacts.RangeLemmas.num2Bits_wires_range' depends on axioms: [propext, Classical.choice, Quot.sound]
ℹ [3146/3159] Replayed Proofs.CircuitArithmetic
info: Proofs/CircuitArithmetic.lean:47:0: 'MSP.nat_eq_of_field_eq' depends on axioms: [propext, Quot.sound]
info: Proofs/CircuitArithmetic.lean:48:0: 'MSP.value_conservation_iff' depends on axioms: [propext, Quot.sound]
info: Proofs/CircuitArithmetic.lean:49:0: 'MSP.input_sum_pos' depends on axioms: [propext, Quot.sound]
ℹ [3151/3159] Replayed Artifacts.InputNonzero
info: Artifacts/InputNonzero.lean:35:0: 'MSP.Artifacts.InputNonzero.sum_ne_zero' depends on axioms: [propext, Classical.choice, Quot.sound]
info: Artifacts/InputNonzero.lean:36:0: 'MSP.Artifacts.InputNonzero.positive_input_value' depends on axioms: [propext, Classical.choice, Quot.sound]
ℹ [3152/3159] Replayed Artifacts.BasicGates
info: Artifacts/BasicGates.lean:123:0: 'MSP.Artifacts.BasicGates.statement_checks' depends on axioms: [propext, Classical.choice, Quot.sound]
ℹ [3154/3159] Replayed Artifacts.SinkGates
info: Artifacts/SinkGates.lean:137:0: 'MSP.Artifacts.SinkGates.sink_rules' depends on axioms: [propext, Classical.choice, Quot.sound]
ℹ [3158/3159] Replayed Artifacts.RelationFragments
info: Artifacts/RelationFragments.lean:80:0: 'MSP.Artifacts.RelationFragments.non_hash_checks' depends on axioms: [propext, Classical.choice, Quot.sound]
info: Artifacts/RelationFragments.lean:81:0: 'MSP.Artifacts.RelationFragments.relation_of_hash_bindings' depends on axioms: [propext, Classical.choice, Quot.sound]
info: Artifacts/RelationFragments.lean:82:0: 'MSP.Artifacts.RelationFragments.relation_of_gadget_hashes' depends on axioms: [propext, Classical.choice, Quot.sound]
✔ [3159/3159] Built Artifacts.NoteBindings (4.6s)
Build completed successfully (3159 jobs).
