ℹ [3126/3226] Replayed Artifacts.SmallHashGatesCertificates
info: Artifacts/SmallHashGatesCertificates.lean:285:0: 'MSP.Artifacts.SmallHashGatesCertificates.signs' depends on axioms: [propext, Classical.choice, Quot.sound]
ℹ [3127/3226] Replayed Artifacts.SmallHashGates
info: Artifacts/SmallHashGates.lean:57:0: 'MSP.Artifacts.SmallHashGates.sigma_of_system' depends on axioms: [propext, Classical.choice, Quot.sound]
info: Artifacts/SmallHashGates.lean:58:0: 'MSP.Artifacts.SmallHashGates.full_stage_sbox' depends on axioms: [propext, Classical.choice, Quot.sound]
info: Artifacts/SmallHashGates.lean:59:0: 'MSP.Artifacts.SmallHashGates.partial_stage_sbox' depends on axioms: [propext, Classical.choice, Quot.sound]
⚠ [3135/3226] Replayed Poseidon.Optimized3Equivalence
warning: Poseidon/Optimized3Equivalence.lean:94:37: This simp argument is unused:
  Fin.val_mk

Hint: Omit it from the simp argument list.
  [apply] simp only

Note: This linter can be disabled with `set_option linter.unusedSimpArgs false`
⚠ [3140/3226] Replayed Poseidon.Optimized4Equivalence
warning: Poseidon/Optimized4Equivalence.lean:94:37: This simp argument is unused:
  Fin.val_mk

Hint: Omit it from the simp argument list.
  [apply] simp only

Note: This linter can be disabled with `set_option linter.unusedSimpArgs false`
✔ [3251/3252] Built Artifacts.SmallHashGatesAffineCertificates (2.8s)
✔ [3252/3252] Built Artifacts.SmallHashGatesAffineData (2.8s)
Build completed successfully (3252 jobs).
