/private/tmp/MSPCofactorNegative.lean:12:377: error: Tactic `decide` proved that the proposition
  have x :=
    (↑{ xRe := 17104313122165765134751071573954397998910742057160586741504431865092530247149,
            xIm := 6803298140907275052193374279696798829244532018046680484422159498316181153049,
            yRe := 20929228109215085641673534002875667749781168108789068628040984026599887111329,
            yIm := 717535573572059415844575060885625982841398457036564749994433381333260146759 }.xRe,
      ↑{ xRe := 17104313122165765134751071573954397998910742057160586741504431865092530247149,
            xIm := 6803298140907275052193374279696798829244532018046680484422159498316181153049,
            yRe := 20929228109215085641673534002875667749781168108789068628040984026599887111329,
            yIm := 717535573572059415844575060885625982841398457036564749994433381333260146759 }.xIm);
  have y :=
    (↑{ xRe := 17104313122165765134751071573954397998910742057160586741504431865092530247149,
            xIm := 6803298140907275052193374279696798829244532018046680484422159498316181153049,
            yRe := 20929228109215085641673534002875667749781168108789068628040984026599887111329,
            yIm := 717535573572059415844575060885625982841398457036564749994433381333260146759 }.yRe,
      ↑{ xRe := 17104313122165765134751071573954397998910742057160586741504431865092530247149,
            xIm := 6803298140907275052193374279696798829244532018046680484422159498316181153049,
            yRe := 20929228109215085641673534002875667749781168108789068628040984026599887111329,
            yIm := 717535573572059415844575060885625982841398457036564749994433381333260146759 }.yIm);
  fq2mul (fq2sub (fq2mul y y) (fq2mul (fq2mul x x) x)) (9, 1) = (3, 0)
is false
/private/tmp/MSPCofactorNegative.lean:22:198: error: Tactic `decide` proved that the proposition
  { re := 9821464613087313031043401541452965538892409169620189207006586973530329895550,
        im := 18676887207112468322078269870553967062160705023541734418243125050504935303839 } *
      (fq2ToField
          (↑{ xRe := 17104313122165765134751071573954397998910742057160586741504431865092530247149,
                  xIm := 6803298140907275052193374279696798829244532018046680484422159498316181153049,
                  yRe := 20929228109215085641673534002875667749781168108789068628040984026599887111329,
                  yIm := 717535573572059415844575060885625982841398457036564749994433381333260146759 }.yRe,
            ↑{ xRe := 17104313122165765134751071573954397998910742057160586741504431865092530247149,
                  xIm := 6803298140907275052193374279696798829244532018046680484422159498316181153049,
                  yRe := 20929228109215085641673534002875667749781168108789068628040984026599887111329,
                  yIm := 717535573572059415844575060885625982841398457036564749994433381333260146759 }.yIm) -
        -fq2ToField
            (↑{ xRe := 17104313122165765134751071573954397998910742057160586741504431865092530247149,
                    xIm := 6803298140907275052193374279696798829244532018046680484422159498316181153049,
                    yRe := 20929228109215085641673534002875667749781168108789068628040984026599887111329,
                    yIm := 717535573572059415844575060885625982841398457036564749994433381333260146759 }.yRe,
              ↑{ xRe := 17104313122165765134751071573954397998910742057160586741504431865092530247149,
                    xIm := 6803298140907275052193374279696798829244532018046680484422159498316181153049,
                    yRe := 20929228109215085641673534002875667749781168108789068628040984026599887111329,
                    yIm := 717535573572059415844575060885625982841398457036564749994433381333260146759 }.yIm)) =
    3 *
      fq2ToField
          (↑{ xRe := 17104313122165765134751071573954397998910742057160586741504431865092530247149,
                  xIm := 6803298140907275052193374279696798829244532018046680484422159498316181153049,
                  yRe := 20929228109215085641673534002875667749781168108789068628040984026599887111329,
                  yIm := 717535573572059415844575060885625982841398457036564749994433381333260146759 }.xRe,
            ↑{ xRe := 17104313122165765134751071573954397998910742057160586741504431865092530247149,
                  xIm := 6803298140907275052193374279696798829244532018046680484422159498316181153049,
                  yRe := 20929228109215085641673534002875667749781168108789068628040984026599887111329,
                  yIm := 717535573572059415844575060885625982841398457036564749994433381333260146759 }.xIm) ^
        2
is false
/private/tmp/MSPCofactorNegative.lean:22:198: error: Tactic `decide` proved that the proposition
  { re := 9821464613087313031043401541452965538892409169620189207006586973530329895550,
            im := 18676887207112468322078269870553967062160705023541734418243125050504935303839 } ^
          2 -
        fq2ToField
          (↑{ xRe := 17104313122165765134751071573954397998910742057160586741504431865092530247149,
                  xIm := 6803298140907275052193374279696798829244532018046680484422159498316181153049,
                  yRe := 20929228109215085641673534002875667749781168108789068628040984026599887111329,
                  yIm := 717535573572059415844575060885625982841398457036564749994433381333260146759 }.xRe,
            ↑{ xRe := 17104313122165765134751071573954397998910742057160586741504431865092530247149,
                  xIm := 6803298140907275052193374279696798829244532018046680484422159498316181153049,
                  yRe := 20929228109215085641673534002875667749781168108789068628040984026599887111329,
                  yIm := 717535573572059415844575060885625982841398457036564749994433381333260146759 }.xIm) -
      fq2ToField
        (↑{ xRe := 17104313122165765134751071573954397998910742057160586741504431865092530247149,
                xIm := 6803298140907275052193374279696798829244532018046680484422159498316181153049,
                yRe := 20929228109215085641673534002875667749781168108789068628040984026599887111329,
                yIm := 717535573572059415844575060885625982841398457036564749994433381333260146759 }.xRe,
          ↑{ xRe := 17104313122165765134751071573954397998910742057160586741504431865092530247149,
                xIm := 6803298140907275052193374279696798829244532018046680484422159498316181153049,
                yRe := 20929228109215085641673534002875667749781168108789068628040984026599887111329,
                yIm := 717535573572059415844575060885625982841398457036564749994433381333260146759 }.xIm) =
    fq2ToField
      (↑{ xRe := 4219469447023977326477630819034057000308336459159372592876082778262427517664,
              xIm := 15900784296885612583989799927190267602876878713464921060861643893246467266052,
              yRe := 5691473990500802625077311535007960813055781307874725464884931099463616600717,
              yIm := 12785589827940712527590355451917444645622384284549647217408422500876732879561 }.xRe,
        ↑{ xRe := 4219469447023977326477630819034057000308336459159372592876082778262427517664,
              xIm := 15900784296885612583989799927190267602876878713464921060861643893246467266052,
              yRe := 5691473990500802625077311535007960813055781307874725464884931099463616600717,
              yIm := 12785589827940712527590355451917444645622384284549647217408422500876732879561 }.xIm)
is false
/private/tmp/MSPCofactorNegative.lean:22:198: error: Tactic `decide` proved that the proposition
  { re := 9821464613087313031043401541452965538892409169620189207006586973530329895550,
          im := 18676887207112468322078269870553967062160705023541734418243125050504935303839 } *
        (fq2ToField
            (↑{ xRe := 17104313122165765134751071573954397998910742057160586741504431865092530247149,
                    xIm := 6803298140907275052193374279696798829244532018046680484422159498316181153049,
                    yRe := 20929228109215085641673534002875667749781168108789068628040984026599887111329,
                    yIm := 717535573572059415844575060885625982841398457036564749994433381333260146759 }.xRe,
              ↑{ xRe := 17104313122165765134751071573954397998910742057160586741504431865092530247149,
                    xIm := 6803298140907275052193374279696798829244532018046680484422159498316181153049,
                    yRe := 20929228109215085641673534002875667749781168108789068628040984026599887111329,
                    yIm := 717535573572059415844575060885625982841398457036564749994433381333260146759 }.xIm) -
          fq2ToField
            (↑{ xRe := 4219469447023977326477630819034057000308336459159372592876082778262427517664,
                    xIm := 15900784296885612583989799927190267602876878713464921060861643893246467266052,
                    yRe := 5691473990500802625077311535007960813055781307874725464884931099463616600717,
                    yIm := 12785589827940712527590355451917444645622384284549647217408422500876732879561 }.xRe,
              ↑{ xRe := 4219469447023977326477630819034057000308336459159372592876082778262427517664,
                    xIm := 15900784296885612583989799927190267602876878713464921060861643893246467266052,
                    yRe := 5691473990500802625077311535007960813055781307874725464884931099463616600717,
                    yIm := 12785589827940712527590355451917444645622384284549647217408422500876732879561 }.xIm)) -
      fq2ToField
        (↑{ xRe := 17104313122165765134751071573954397998910742057160586741504431865092530247149,
                xIm := 6803298140907275052193374279696798829244532018046680484422159498316181153049,
                yRe := 20929228109215085641673534002875667749781168108789068628040984026599887111329,
                yIm := 717535573572059415844575060885625982841398457036564749994433381333260146759 }.yRe,
          ↑{ xRe := 17104313122165765134751071573954397998910742057160586741504431865092530247149,
                xIm := 6803298140907275052193374279696798829244532018046680484422159498316181153049,
                yRe := 20929228109215085641673534002875667749781168108789068628040984026599887111329,
                yIm := 717535573572059415844575060885625982841398457036564749994433381333260146759 }.yIm) =
    fq2ToField
      (↑{ xRe := 4219469447023977326477630819034057000308336459159372592876082778262427517664,
              xIm := 15900784296885612583989799927190267602876878713464921060861643893246467266052,
              yRe := 5691473990500802625077311535007960813055781307874725464884931099463616600717,
              yIm := 12785589827940712527590355451917444645622384284549647217408422500876732879561 }.yRe,
        ↑{ xRe := 4219469447023977326477630819034057000308336459159372592876082778262427517664,
              xIm := 15900784296885612583989799927190267602876878713464921060861643893246467266052,
              yRe := 5691473990500802625077311535007960813055781307874725464884931099463616600717,
              yIm := 12785589827940712527590355451917444645622384284549647217408422500876732879561 }.yIm)
is false
/private/tmp/MSPCofactorNegative.lean:45:195: error: Tactic `decide` proved that the proposition
  { re := 19047249566399132647696780607863876036093771656653919550037399186633176060671,
        im := 8981545139759287421915224658779066795691712860824598218946859039059085210115 } *
      (fq2ToField
          (↑{ xRe := 15181150314336007197968444968232101554172324265576145766067776003890631828049,
                  xIm := 19432521851389174636593268153439657165048790566739733651210596791137160160227,
                  yRe := 8767295240087028091442243781554604879217627877670447145966064536798201470183,
                  yIm := 14659315415081470102897147702893361007629603713839801313079991183927186453521 }.xRe,
            ↑{ xRe := 15181150314336007197968444968232101554172324265576145766067776003890631828049,
                  xIm := 19432521851389174636593268153439657165048790566739733651210596791137160160227,
                  yRe := 8767295240087028091442243781554604879217627877670447145966064536798201470183,
                  yIm := 14659315415081470102897147702893361007629603713839801313079991183927186453521 }.xIm) -
        fq2ToField
          (↑{ xRe := 17104313122165765134751071573954397998910742057160586741504431865092530247149,
                  xIm := 6803298140907275052193374279696798829244532018046680484422159498316181153049,
                  yRe := 20929228109215085641673534002875667749781168108789068628040984026599887111329,
                  yIm := 717535573572059415844575060885625982841398457036564749994433381333260146759 }.xRe,
            ↑{ xRe := 17104313122165765134751071573954397998910742057160586741504431865092530247149,
                  xIm := 6803298140907275052193374279696798829244532018046680484422159498316181153049,
                  yRe := 20929228109215085641673534002875667749781168108789068628040984026599887111329,
                  yIm := 717535573572059415844575060885625982841398457036564749994433381333260146759 }.xIm)) =
    fq2ToField
        (↑{ xRe := 15181150314336007197968444968232101554172324265576145766067776003890631828049,
                xIm := 19432521851389174636593268153439657165048790566739733651210596791137160160227,
                yRe := 8767295240087028091442243781554604879217627877670447145966064536798201470183,
                yIm := 14659315415081470102897147702893361007629603713839801313079991183927186453521 }.yRe,
          ↑{ xRe := 15181150314336007197968444968232101554172324265576145766067776003890631828049,
                xIm := 19432521851389174636593268153439657165048790566739733651210596791137160160227,
                yRe := 8767295240087028091442243781554604879217627877670447145966064536798201470183,
                yIm := 14659315415081470102897147702893361007629603713839801313079991183927186453521 }.yIm) -
      fq2ToField
        (↑{ xRe := 17104313122165765134751071573954397998910742057160586741504431865092530247149,
                xIm := 6803298140907275052193374279696798829244532018046680484422159498316181153049,
                yRe := 20929228109215085641673534002875667749781168108789068628040984026599887111329,
                yIm := 717535573572059415844575060885625982841398457036564749994433381333260146759 }.yRe,
          ↑{ xRe := 17104313122165765134751071573954397998910742057160586741504431865092530247149,
                xIm := 6803298140907275052193374279696798829244532018046680484422159498316181153049,
                yRe := 20929228109215085641673534002875667749781168108789068628040984026599887111329,
                yIm := 717535573572059415844575060885625982841398457036564749994433381333260146759 }.yIm)
is false
/private/tmp/MSPCofactorNegative.lean:45:195: error: Tactic `decide` proved that the proposition
  { re := 19047249566399132647696780607863876036093771656653919550037399186633176060671,
            im := 8981545139759287421915224658779066795691712860824598218946859039059085210115 } ^
          2 -
        fq2ToField
          (↑{ xRe := 15181150314336007197968444968232101554172324265576145766067776003890631828049,
                  xIm := 19432521851389174636593268153439657165048790566739733651210596791137160160227,
                  yRe := 8767295240087028091442243781554604879217627877670447145966064536798201470183,
                  yIm := 14659315415081470102897147702893361007629603713839801313079991183927186453521 }.xRe,
            ↑{ xRe := 15181150314336007197968444968232101554172324265576145766067776003890631828049,
                  xIm := 19432521851389174636593268153439657165048790566739733651210596791137160160227,
                  yRe := 8767295240087028091442243781554604879217627877670447145966064536798201470183,
                  yIm := 14659315415081470102897147702893361007629603713839801313079991183927186453521 }.xIm) -
      fq2ToField
        (↑{ xRe := 17104313122165765134751071573954397998910742057160586741504431865092530247149,
                xIm := 6803298140907275052193374279696798829244532018046680484422159498316181153049,
                yRe := 20929228109215085641673534002875667749781168108789068628040984026599887111329,
                yIm := 717535573572059415844575060885625982841398457036564749994433381333260146759 }.xRe,
          ↑{ xRe := 17104313122165765134751071573954397998910742057160586741504431865092530247149,
                xIm := 6803298140907275052193374279696798829244532018046680484422159498316181153049,
                yRe := 20929228109215085641673534002875667749781168108789068628040984026599887111329,
                yIm := 717535573572059415844575060885625982841398457036564749994433381333260146759 }.xIm) =
    fq2ToField
      (↑{ xRe := 14532084177219803872634264497422923336886926580745374800829389090625749952611,
              xIm := 20834823370365777381784856949700292615572617381388793724784503997029073930804,
              yRe := 12244557714859509992204458556920958831556627828946153776403965116002881360420,
              yIm := 13347064325114603238745685611423897424458331985189845204860569749556413834885 }.xRe,
        ↑{ xRe := 14532084177219803872634264497422923336886926580745374800829389090625749952611,
              xIm := 20834823370365777381784856949700292615572617381388793724784503997029073930804,
              yRe := 12244557714859509992204458556920958831556627828946153776403965116002881360420,
              yIm := 13347064325114603238745685611423897424458331985189845204860569749556413834885 }.xIm)
is false
/private/tmp/MSPCofactorNegative.lean:59:194: error: Tactic `decide` proved that the proposition
  { re := 195071353789991812384441683642112063090549025088410390239519759754977349116,
        im := 15139809355549166040702200810240154286267428852949325824877806161078126554279 } *
      (fq2ToField
          (↑{ xRe := 7095953829052296665460103127671215704012640966217045027624751796437217177608,
                  xIm := 19333107604502276109575583594101390449536104274837475133808903849209644210005,
                  yRe := 3692453629833388812136739027559098479139252290284154067317871450886387911391,
                  yIm := 10133606090640698798114241959261816150613471060345308770595291262996594641469 }.xRe,
            ↑{ xRe := 7095953829052296665460103127671215704012640966217045027624751796437217177608,
                  xIm := 19333107604502276109575583594101390449536104274837475133808903849209644210005,
                  yRe := 3692453629833388812136739027559098479139252290284154067317871450886387911391,
                  yIm := 10133606090640698798114241959261816150613471060345308770595291262996594641469 }.xIm) -
        fq2ToField
          (↑{ xRe := 17104313122165765134751071573954397998910742057160586741504431865092530247149,
                  xIm := 6803298140907275052193374279696798829244532018046680484422159498316181153049,
                  yRe := 20929228109215085641673534002875667749781168108789068628040984026599887111329,
                  yIm := 717535573572059415844575060885625982841398457036564749994433381333260146759 }.xRe,
            ↑{ xRe := 17104313122165765134751071573954397998910742057160586741504431865092530247149,
                  xIm := 6803298140907275052193374279696798829244532018046680484422159498316181153049,
                  yRe := 20929228109215085641673534002875667749781168108789068628040984026599887111329,
                  yIm := 717535573572059415844575060885625982841398457036564749994433381333260146759 }.xIm)) =
    fq2ToField
        (↑{ xRe := 7095953829052296665460103127671215704012640966217045027624751796437217177608,
                xIm := 19333107604502276109575583594101390449536104274837475133808903849209644210005,
                yRe := 3692453629833388812136739027559098479139252290284154067317871450886387911391,
                yIm := 10133606090640698798114241959261816150613471060345308770595291262996594641469 }.yRe,
          ↑{ xRe := 7095953829052296665460103127671215704012640966217045027624751796437217177608,
                xIm := 19333107604502276109575583594101390449536104274837475133808903849209644210005,
                yRe := 3692453629833388812136739027559098479139252290284154067317871450886387911391,
                yIm := 10133606090640698798114241959261816150613471060345308770595291262996594641469 }.yIm) -
      fq2ToField
        (↑{ xRe := 17104313122165765134751071573954397998910742057160586741504431865092530247149,
                xIm := 6803298140907275052193374279696798829244532018046680484422159498316181153049,
                yRe := 20929228109215085641673534002875667749781168108789068628040984026599887111329,
                yIm := 717535573572059415844575060885625982841398457036564749994433381333260146759 }.yRe,
          ↑{ xRe := 17104313122165765134751071573954397998910742057160586741504431865092530247149,
                xIm := 6803298140907275052193374279696798829244532018046680484422159498316181153049,
                yRe := 20929228109215085641673534002875667749781168108789068628040984026599887111329,
                yIm := 717535573572059415844575060885625982841398457036564749994433381333260146759 }.yIm)
is false
/private/tmp/MSPCofactorNegative.lean:59:194: error: Tactic `decide` proved that the proposition
  { re := 195071353789991812384441683642112063090549025088410390239519759754977349116,
            im := 15139809355549166040702200810240154286267428852949325824877806161078126554279 } ^
          2 -
        fq2ToField
          (↑{ xRe := 7095953829052296665460103127671215704012640966217045027624751796437217177608,
                  xIm := 19333107604502276109575583594101390449536104274837475133808903849209644210005,
                  yRe := 3692453629833388812136739027559098479139252290284154067317871450886387911391,
                  yIm := 10133606090640698798114241959261816150613471060345308770595291262996594641469 }.xRe,
            ↑{ xRe := 7095953829052296665460103127671215704012640966217045027624751796437217177608,
                  xIm := 19333107604502276109575583594101390449536104274837475133808903849209644210005,
                  yRe := 3692453629833388812136739027559098479139252290284154067317871450886387911391,
                  yIm := 10133606090640698798114241959261816150613471060345308770595291262996594641469 }.xIm) -
      fq2ToField
        (↑{ xRe := 17104313122165765134751071573954397998910742057160586741504431865092530247149,
                xIm := 6803298140907275052193374279696798829244532018046680484422159498316181153049,
                yRe := 20929228109215085641673534002875667749781168108789068628040984026599887111329,
                yIm := 717535573572059415844575060885625982841398457036564749994433381333260146759 }.xRe,
          ↑{ xRe := 17104313122165765134751071573954397998910742057160586741504431865092530247149,
                xIm := 6803298140907275052193374279696798829244532018046680484422159498316181153049,
                yRe := 20929228109215085641673534002875667749781168108789068628040984026599887111329,
                yIm := 717535573572059415844575060885625982841398457036564749994433381333260146759 }.xIm) =
    fq2ToField
      (↑{ xRe := 6521682086254889090736415989937199524572752422511386728915724497950553922121,
              xIm := 12449928242639975016446364292048838149804318557273418390582068801269440350492,
              yRe := 18649936615350797401354705772129298958262880935495354568759561233533769864429,
              yIm := 16155413846228924578622542909893524336968074867112142431390617239655420655546 }.xRe,
        ↑{ xRe := 6521682086254889090736415989937199524572752422511386728915724497950553922121,
              xIm := 12449928242639975016446364292048838149804318557273418390582068801269440350492,
              yRe := 18649936615350797401354705772129298958262880935495354568759561233533769864429,
              yIm := 16155413846228924578622542909893524336968074867112142431390617239655420655546 }.xIm)
is false
/private/tmp/MSPCofactorNegative.lean:73:195: error: Tactic `decide` proved that the proposition
  { re := 2204981393190445801746448188477046434668190879216240314463382703629563552350,
        im := 17757178661555827124571914930897828915155341120542576073221001030601488207400 } *
      (fq2ToField
          (↑{ xRe := 17028148725524714160368486077844830340980151678458639169182341646162262129084,
                  xIm := 11458197026930191283555999013975312939070508825961623784870230805727252850655,
                  yRe := 7792121215435213179826734012590366984345661111609722662177352562093736780332,
                  yIm := 19845151692788125898467656866499099553955909012650991668452458371648550118817 }.xRe,
            ↑{ xRe := 17028148725524714160368486077844830340980151678458639169182341646162262129084,
                  xIm := 11458197026930191283555999013975312939070508825961623784870230805727252850655,
                  yRe := 7792121215435213179826734012590366984345661111609722662177352562093736780332,
                  yIm := 19845151692788125898467656866499099553955909012650991668452458371648550118817 }.xIm) -
        fq2ToField
          (↑{ xRe := 17104313122165765134751071573954397998910742057160586741504431865092530247149,
                  xIm := 6803298140907275052193374279696798829244532018046680484422159498316181153049,
                  yRe := 20929228109215085641673534002875667749781168108789068628040984026599887111329,
                  yIm := 717535573572059415844575060885625982841398457036564749994433381333260146759 }.xRe,
            ↑{ xRe := 17104313122165765134751071573954397998910742057160586741504431865092530247149,
                  xIm := 6803298140907275052193374279696798829244532018046680484422159498316181153049,
                  yRe := 20929228109215085641673534002875667749781168108789068628040984026599887111329,
                  yIm := 717535573572059415844575060885625982841398457036564749994433381333260146759 }.xIm)) =
    fq2ToField
        (↑{ xRe := 17028148725524714160368486077844830340980151678458639169182341646162262129084,
                xIm := 11458197026930191283555999013975312939070508825961623784870230805727252850655,
                yRe := 7792121215435213179826734012590366984345661111609722662177352562093736780332,
                yIm := 19845151692788125898467656866499099553955909012650991668452458371648550118817 }.yRe,
          ↑{ xRe := 17028148725524714160368486077844830340980151678458639169182341646162262129084,
                xIm := 11458197026930191283555999013975312939070508825961623784870230805727252850655,
                yRe := 7792121215435213179826734012590366984345661111609722662177352562093736780332,
                yIm := 19845151692788125898467656866499099553955909012650991668452458371648550118817 }.yIm) -
      fq2ToField
        (↑{ xRe := 17104313122165765134751071573954397998910742057160586741504431865092530247149,
                xIm := 6803298140907275052193374279696798829244532018046680484422159498316181153049,
                yRe := 20929228109215085641673534002875667749781168108789068628040984026599887111329,
                yIm := 717535573572059415844575060885625982841398457036564749994433381333260146759 }.yRe,
          ↑{ xRe := 17104313122165765134751071573954397998910742057160586741504431865092530247149,
                xIm := 6803298140907275052193374279696798829244532018046680484422159498316181153049,
                yRe := 20929228109215085641673534002875667749781168108789068628040984026599887111329,
                yIm := 717535573572059415844575060885625982841398457036564749994433381333260146759 }.yIm)
is false
/private/tmp/MSPCofactorNegative.lean:73:195: error: Tactic `decide` proved that the proposition
  { re := 2204981393190445801746448188477046434668190879216240314463382703629563552350,
            im := 17757178661555827124571914930897828915155341120542576073221001030601488207400 } ^
          2 -
        fq2ToField
          (↑{ xRe := 17028148725524714160368486077844830340980151678458639169182341646162262129084,
                  xIm := 11458197026930191283555999013975312939070508825961623784870230805727252850655,
                  yRe := 7792121215435213179826734012590366984345661111609722662177352562093736780332,
                  yIm := 19845151692788125898467656866499099553955909012650991668452458371648550118817 }.xRe,
            ↑{ xRe := 17028148725524714160368486077844830340980151678458639169182341646162262129084,
                  xIm := 11458197026930191283555999013975312939070508825961623784870230805727252850655,
                  yRe := 7792121215435213179826734012590366984345661111609722662177352562093736780332,
                  yIm := 19845151692788125898467656866499099553955909012650991668452458371648550118817 }.xIm) -
      fq2ToField
        (↑{ xRe := 17104313122165765134751071573954397998910742057160586741504431865092530247149,
                xIm := 6803298140907275052193374279696798829244532018046680484422159498316181153049,
                yRe := 20929228109215085641673534002875667749781168108789068628040984026599887111329,
                yIm := 717535573572059415844575060885625982841398457036564749994433381333260146759 }.xRe,
          ↑{ xRe := 17104313122165765134751071573954397998910742057160586741504431865092530247149,
                xIm := 6803298140907275052193374279696798829244532018046680484422159498316181153049,
                yRe := 20929228109215085641673534002875667749781168108789068628040984026599887111329,
                yIm := 717535573572059415844575060885625982841398457036564749994433381333260146759 }.xIm) =
    fq2ToField
      (↑{ xRe := 2554589312589564516823893045794901913870659688937283614884333084152675454848,
              xIm := 13991228151549740089131618042703264417886827855076450393890850751638743329471,
              yRe := 16465532972974496247491644671277143397940925885909436053380806963860926853517,
              yIm := 15907543311158437520496190676710291971149442737423864260448831548736763065996 }.xRe,
        ↑{ xRe := 2554589312589564516823893045794901913870659688937283614884333084152675454848,
              xIm := 13991228151549740089131618042703264417886827855076450393890850751638743329471,
              yRe := 16465532972974496247491644671277143397940925885909436053380806963860926853517,
              yIm := 15907543311158437520496190676710291971149442737423864260448831548736763065996 }.xIm)
is false
/private/tmp/MSPCofactorNegative.lean:96:195: error: Tactic `decide` proved that the proposition
  { re := 1062975636230169385206148472480790911308920034183266219583108795617954252609,
        im := 18363932972502925520759524314516754169437576311971722780300856726749519986920 } *
      (fq2ToField
          (↑{ xRe := 12403988058843372450374454655950116610615565028198161819480291382306356445556,
                  xIm := 3217176158165435758932675935658212275389442476203221360418889525091836171986,
                  yRe := 19543769639341129702960356481327842985806745292626984672433309102760187504048,
                  yIm := 5737603067000239202243661431368112679767256179674744977612930774058248922539 }.xRe,
            ↑{ xRe := 12403988058843372450374454655950116610615565028198161819480291382306356445556,
                  xIm := 3217176158165435758932675935658212275389442476203221360418889525091836171986,
                  yRe := 19543769639341129702960356481327842985806745292626984672433309102760187504048,
                  yIm := 5737603067000239202243661431368112679767256179674744977612930774058248922539 }.xIm) -
        fq2ToField
          (↑{ xRe := 17104313122165765134751071573954397998910742057160586741504431865092530247149,
                  xIm := 6803298140907275052193374279696798829244532018046680484422159498316181153049,
                  yRe := 20929228109215085641673534002875667749781168108789068628040984026599887111329,
                  yIm := 717535573572059415844575060885625982841398457036564749994433381333260146759 }.xRe,
            ↑{ xRe := 17104313122165765134751071573954397998910742057160586741504431865092530247149,
                  xIm := 6803298140907275052193374279696798829244532018046680484422159498316181153049,
                  yRe := 20929228109215085641673534002875667749781168108789068628040984026599887111329,
                  yIm := 717535573572059415844575060885625982841398457036564749994433381333260146759 }.xIm)) =
    fq2ToField
        (↑{ xRe := 12403988058843372450374454655950116610615565028198161819480291382306356445556,
                xIm := 3217176158165435758932675935658212275389442476203221360418889525091836171986,
                yRe := 19543769639341129702960356481327842985806745292626984672433309102760187504048,
                yIm := 5737603067000239202243661431368112679767256179674744977612930774058248922539 }.yRe,
          ↑{ xRe := 12403988058843372450374454655950116610615565028198161819480291382306356445556,
                xIm := 3217176158165435758932675935658212275389442476203221360418889525091836171986,
                yRe := 19543769639341129702960356481327842985806745292626984672433309102760187504048,
                yIm := 5737603067000239202243661431368112679767256179674744977612930774058248922539 }.yIm) -
      fq2ToField
        (↑{ xRe := 17104313122165765134751071573954397998910742057160586741504431865092530247149,
                xIm := 6803298140907275052193374279696798829244532018046680484422159498316181153049,
                yRe := 20929228109215085641673534002875667749781168108789068628040984026599887111329,
                yIm := 717535573572059415844575060885625982841398457036564749994433381333260146759 }.yRe,
          ↑{ xRe := 17104313122165765134751071573954397998910742057160586741504431865092530247149,
                xIm := 6803298140907275052193374279696798829244532018046680484422159498316181153049,
                yRe := 20929228109215085641673534002875667749781168108789068628040984026599887111329,
                yIm := 717535573572059415844575060885625982841398457036564749994433381333260146759 }.yIm)
is false
/private/tmp/MSPCofactorNegative.lean:96:195: error: Tactic `decide` proved that the proposition
  { re := 1062975636230169385206148472480790911308920034183266219583108795617954252609,
            im := 18363932972502925520759524314516754169437576311971722780300856726749519986920 } ^
          2 -
        fq2ToField
          (↑{ xRe := 12403988058843372450374454655950116610615565028198161819480291382306356445556,
                  xIm := 3217176158165435758932675935658212275389442476203221360418889525091836171986,
                  yRe := 19543769639341129702960356481327842985806745292626984672433309102760187504048,
                  yIm := 5737603067000239202243661431368112679767256179674744977612930774058248922539 }.xRe,
            ↑{ xRe := 12403988058843372450374454655950116610615565028198161819480291382306356445556,
                  xIm := 3217176158165435758932675935658212275389442476203221360418889525091836171986,
                  yRe := 19543769639341129702960356481327842985806745292626984672433309102760187504048,
                  yIm := 5737603067000239202243661431368112679767256179674744977612930774058248922539 }.xIm) -
      fq2ToField
        (↑{ xRe := 17104313122165765134751071573954397998910742057160586741504431865092530247149,
                xIm := 6803298140907275052193374279696798829244532018046680484422159498316181153049,
                yRe := 20929228109215085641673534002875667749781168108789068628040984026599887111329,
                yIm := 717535573572059415844575060885625982841398457036564749994433381333260146759 }.xRe,
          ↑{ xRe := 17104313122165765134751071573954397998910742057160586741504431865092530247149,
                xIm := 6803298140907275052193374279696798829244532018046680484422159498316181153049,
                yRe := 20929228109215085641673534002875667749781168108789068628040984026599887111329,
                yIm := 717535573572059415844575060885625982841398457036564749994433381333260146759 }.xIm) =
    fq2ToField
      (↑{ xRe := 2625219725476823554140890508860692120483374596218171248771513715452953593919,
              xIm := 19323514774959714094100408417609103576658075865740284908821172757270303715798,
              yRe := 19255475977815479086967438288988695632429401874140121506617136436671658700587,
              yIm := 11239253435841350801544768119459963685404745948446423427441312495240153106196 }.xRe,
        ↑{ xRe := 2625219725476823554140890508860692120483374596218171248771513715452953593919,
              xIm := 19323514774959714094100408417609103576658075865740284908821172757270303715798,
              yRe := 19255475977815479086967438288988695632429401874140121506617136436671658700587,
              yIm := 11239253435841350801544768119459963685404745948446423427441312495240153106196 }.xIm)
is false
/private/tmp/MSPCofactorNegative.lean:119:196: error: Tactic `decide` proved that the proposition
  { re := 13715600148175594109931482917206293476805969624062248389068027148624663064668,
        im := 13427526730468513438060833748824509966834734464002668620898678654500246027241 } *
      (fq2ToField
          (↑{ xRe := 7319412106003086771325703075079884334920285685337059720971819507315242059247,
                  xIm := 20760295171830018169509004404008701859754865646624671282752854884375143907416,
                  yRe := 9501064569298117122981414911308288675153990765837864220944515536061604885147,
                  yIm := 17686482604393989150030565455049131448063483462582971610709973554911077723122 }.xRe,
            ↑{ xRe := 7319412106003086771325703075079884334920285685337059720971819507315242059247,
                  xIm := 20760295171830018169509004404008701859754865646624671282752854884375143907416,
                  yRe := 9501064569298117122981414911308288675153990765837864220944515536061604885147,
                  yIm := 17686482604393989150030565455049131448063483462582971610709973554911077723122 }.xIm) -
        fq2ToField
          (↑{ xRe := 17104313122165765134751071573954397998910742057160586741504431865092530247149,
                  xIm := 6803298140907275052193374279696798829244532018046680484422159498316181153049,
                  yRe := 20929228109215085641673534002875667749781168108789068628040984026599887111329,
                  yIm := 717535573572059415844575060885625982841398457036564749994433381333260146759 }.xRe,
            ↑{ xRe := 17104313122165765134751071573954397998910742057160586741504431865092530247149,
                  xIm := 6803298140907275052193374279696798829244532018046680484422159498316181153049,
                  yRe := 20929228109215085641673534002875667749781168108789068628040984026599887111329,
                  yIm := 717535573572059415844575060885625982841398457036564749994433381333260146759 }.xIm)) =
    fq2ToField
        (↑{ xRe := 7319412106003086771325703075079884334920285685337059720971819507315242059247,
                xIm := 20760295171830018169509004404008701859754865646624671282752854884375143907416,
                yRe := 9501064569298117122981414911308288675153990765837864220944515536061604885147,
                yIm := 17686482604393989150030565455049131448063483462582971610709973554911077723122 }.yRe,
          ↑{ xRe := 7319412106003086771325703075079884334920285685337059720971819507315242059247,
                xIm := 20760295171830018169509004404008701859754865646624671282752854884375143907416,
                yRe := 9501064569298117122981414911308288675153990765837864220944515536061604885147,
                yIm := 17686482604393989150030565455049131448063483462582971610709973554911077723122 }.yIm) -
      fq2ToField
        (↑{ xRe := 17104313122165765134751071573954397998910742057160586741504431865092530247149,
                xIm := 6803298140907275052193374279696798829244532018046680484422159498316181153049,
                yRe := 20929228109215085641673534002875667749781168108789068628040984026599887111329,
                yIm := 717535573572059415844575060885625982841398457036564749994433381333260146759 }.yRe,
          ↑{ xRe := 17104313122165765134751071573954397998910742057160586741504431865092530247149,
                xIm := 6803298140907275052193374279696798829244532018046680484422159498316181153049,
                yRe := 20929228109215085641673534002875667749781168108789068628040984026599887111329,
                yIm := 717535573572059415844575060885625982841398457036564749994433381333260146759 }.yIm)
is false
/private/tmp/MSPCofactorNegative.lean:119:196: error: Tactic `decide` proved that the proposition
  { re := 13715600148175594109931482917206293476805969624062248389068027148624663064668,
            im := 13427526730468513438060833748824509966834734464002668620898678654500246027241 } ^
          2 -
        fq2ToField
          (↑{ xRe := 7319412106003086771325703075079884334920285685337059720971819507315242059247,
                  xIm := 20760295171830018169509004404008701859754865646624671282752854884375143907416,
                  yRe := 9501064569298117122981414911308288675153990765837864220944515536061604885147,
                  yIm := 17686482604393989150030565455049131448063483462582971610709973554911077723122 }.xRe,
            ↑{ xRe := 7319412106003086771325703075079884334920285685337059720971819507315242059247,
                  xIm := 20760295171830018169509004404008701859754865646624671282752854884375143907416,
                  yRe := 9501064569298117122981414911308288675153990765837864220944515536061604885147,
                  yIm := 17686482604393989150030565455049131448063483462582971610709973554911077723122 }.xIm) -
      fq2ToField
        (↑{ xRe := 17104313122165765134751071573954397998910742057160586741504431865092530247149,
                xIm := 6803298140907275052193374279696798829244532018046680484422159498316181153049,
                yRe := 20929228109215085641673534002875667749781168108789068628040984026599887111329,
                yIm := 717535573572059415844575060885625982841398457036564749994433381333260146759 }.xRe,
          ↑{ xRe := 17104313122165765134751071573954397998910742057160586741504431865092530247149,
                xIm := 6803298140907275052193374279696798829244532018046680484422159498316181153049,
                yRe := 20929228109215085641673534002875667749781168108789068628040984026599887111329,
                yIm := 717535573572059415844575060885625982841398457036564749994433381333260146759 }.xIm) =
    fq2ToField
      (↑{ xRe := 7165401859901360819984559850101424822816135528888094452592670907867337340519,
              xIm := 13948903432466074065651984996727584727340014805096903899038011817758810811732,
              yRe := 6139584235060507395408978917812367932230493578285206658517092232738382692749,
              yIm := 11153242106583578838358737132074107298155549264977718529794401746157126573657 }.xRe,
        ↑{ xRe := 7165401859901360819984559850101424822816135528888094452592670907867337340519,
              xIm := 13948903432466074065651984996727584727340014805096903899038011817758810811732,
              yRe := 6139584235060507395408978917812367932230493578285206658517092232738382692749,
              yIm := 11153242106583578838358737132074107298155549264977718529794401746157126573657 }.xIm)
is false
/private/tmp/MSPCofactorNegative.lean:142:195: error: Tactic `decide` proved that the proposition
  { re := 7607111129906703503526475905066788280837752924113143794457534493959757155735,
        im := 20820592740122086736694875099457872549976113603296369360478871091356153255061 } *
      (fq2ToField
          (↑{ xRe := 6833141144365306931140177246949166345315573415263625187047960652677625032881,
                  xIm := 14732016735716469176662152131911479405235735070635035845315271079540924563889,
                  yRe := 20939056707516918972530577130200672733893641293882003773175876346832146383405,
                  yIm := 16293216998150800115681156998463512858564061110510117356350967303859068218810 }.xRe,
            ↑{ xRe := 6833141144365306931140177246949166345315573415263625187047960652677625032881,
                  xIm := 14732016735716469176662152131911479405235735070635035845315271079540924563889,
                  yRe := 20939056707516918972530577130200672733893641293882003773175876346832146383405,
                  yIm := 16293216998150800115681156998463512858564061110510117356350967303859068218810 }.xIm) -
        fq2ToField
          (↑{ xRe := 17104313122165765134751071573954397998910742057160586741504431865092530247149,
                  xIm := 6803298140907275052193374279696798829244532018046680484422159498316181153049,
                  yRe := 20929228109215085641673534002875667749781168108789068628040984026599887111329,
                  yIm := 717535573572059415844575060885625982841398457036564749994433381333260146759 }.xRe,
            ↑{ xRe := 17104313122165765134751071573954397998910742057160586741504431865092530247149,
                  xIm := 6803298140907275052193374279696798829244532018046680484422159498316181153049,
                  yRe := 20929228109215085641673534002875667749781168108789068628040984026599887111329,
                  yIm := 717535573572059415844575060885625982841398457036564749994433381333260146759 }.xIm)) =
    fq2ToField
        (↑{ xRe := 6833141144365306931140177246949166345315573415263625187047960652677625032881,
                xIm := 14732016735716469176662152131911479405235735070635035845315271079540924563889,
                yRe := 20939056707516918972530577130200672733893641293882003773175876346832146383405,
                yIm := 16293216998150800115681156998463512858564061110510117356350967303859068218810 }.yRe,
          ↑{ xRe := 6833141144365306931140177246949166345315573415263625187047960652677625032881,
                xIm := 14732016735716469176662152131911479405235735070635035845315271079540924563889,
                yRe := 20939056707516918972530577130200672733893641293882003773175876346832146383405,
                yIm := 16293216998150800115681156998463512858564061110510117356350967303859068218810 }.yIm) -
      fq2ToField
        (↑{ xRe := 17104313122165765134751071573954397998910742057160586741504431865092530247149,
                xIm := 6803298140907275052193374279696798829244532018046680484422159498316181153049,
                yRe := 20929228109215085641673534002875667749781168108789068628040984026599887111329,
                yIm := 717535573572059415844575060885625982841398457036564749994433381333260146759 }.yRe,
          ↑{ xRe := 17104313122165765134751071573954397998910742057160586741504431865092530247149,
                xIm := 6803298140907275052193374279696798829244532018046680484422159498316181153049,
                yRe := 20929228109215085641673534002875667749781168108789068628040984026599887111329,
                yIm := 717535573572059415844575060885625982841398457036564749994433381333260146759 }.yIm)
is false
/private/tmp/MSPCofactorNegative.lean:142:195: error: Tactic `decide` proved that the proposition
  { re := 7607111129906703503526475905066788280837752924113143794457534493959757155735,
            im := 20820592740122086736694875099457872549976113603296369360478871091356153255061 } ^
          2 -
        fq2ToField
          (↑{ xRe := 6833141144365306931140177246949166345315573415263625187047960652677625032881,
                  xIm := 14732016735716469176662152131911479405235735070635035845315271079540924563889,
                  yRe := 20939056707516918972530577130200672733893641293882003773175876346832146383405,
                  yIm := 16293216998150800115681156998463512858564061110510117356350967303859068218810 }.xRe,
            ↑{ xRe := 6833141144365306931140177246949166345315573415263625187047960652677625032881,
                  xIm := 14732016735716469176662152131911479405235735070635035845315271079540924563889,
                  yRe := 20939056707516918972530577130200672733893641293882003773175876346832146383405,
                  yIm := 16293216998150800115681156998463512858564061110510117356350967303859068218810 }.xIm) -
      fq2ToField
        (↑{ xRe := 17104313122165765134751071573954397998910742057160586741504431865092530247149,
                xIm := 6803298140907275052193374279696798829244532018046680484422159498316181153049,
                yRe := 20929228109215085641673534002875667749781168108789068628040984026599887111329,
                yIm := 717535573572059415844575060885625982841398457036564749994433381333260146759 }.xRe,
          ↑{ xRe := 17104313122165765134751071573954397998910742057160586741504431865092530247149,
                xIm := 6803298140907275052193374279696798829244532018046680484422159498316181153049,
                yRe := 20929228109215085641673534002875667749781168108789068628040984026599887111329,
                yIm := 717535573572059415844575060885625982841398457036564749994433381333260146759 }.xIm) =
    fq2ToField
      (↑{ xRe := 10846894894379521877315455648782106053551517028438823636306611968609155736168,
              xIm := 7087265753077461443302066571695053315868702631151053747098051379493273233383,
              yRe := 2588835033654400136937121468190132164788394194629283747607383337074359221519,
              yIm := 10345952983695900247781305754985681550370459274205945447751733816888564393334 }.xRe,
        ↑{ xRe := 10846894894379521877315455648782106053551517028438823636306611968609155736168,
              xIm := 7087265753077461443302066571695053315868702631151053747098051379493273233383,
              yRe := 2588835033654400136937121468190132164788394194629283747607383337074359221519,
              yIm := 10345952983695900247781305754985681550370459274205945447751733816888564393334 }.xIm)
is false
/private/tmp/MSPCofactorNegative.lean:164:35: error: Tactic `decide` proved that the proposition
  fq2ToField
      (↑{ xRe := 17104313122165765134751071573954397998910742057160586741504431865092530247148,
              xIm := 6803298140907275052193374279696798829244532018046680484422159498316181153049,
              yRe := 959014762624189580572871742381607338915143048508755034648053868045339097254,
              yIm := 21170707298267215806401830684371649105854912700261258912694604513311966061824 }.xRe,
        ↑{ xRe := 17104313122165765134751071573954397998910742057160586741504431865092530247148,
              xIm := 6803298140907275052193374279696798829244532018046680484422159498316181153049,
              yRe := 959014762624189580572871742381607338915143048508755034648053868045339097254,
              yIm := 21170707298267215806401830684371649105854912700261258912694604513311966061824 }.xIm) =
    fq2ToField
      (↑{ xRe := 17104313122165765134751071573954397998910742057160586741504431865092530247149,
              xIm := 6803298140907275052193374279696798829244532018046680484422159498316181153049,
              yRe := 20929228109215085641673534002875667749781168108789068628040984026599887111329,
              yIm := 717535573572059415844575060885625982841398457036564749994433381333260146759 }.xRe,
        ↑{ xRe := 17104313122165765134751071573954397998910742057160586741504431865092530247149,
              xIm := 6803298140907275052193374279696798829244532018046680484422159498316181153049,
              yRe := 20929228109215085641673534002875667749781168108789068628040984026599887111329,
              yIm := 717535573572059415844575060885625982841398457036564749994433381333260146759 }.xIm)
is false
/private/tmp/MSPCofactorNegative.lean:169:8: warning: declaration uses `sorry`
